
     Program PWSCF v.7.0 starts on  1Jan2025 at  4:54:25 

     This program is part of the open-source Quantum ESPRESSO suite
     for quantum simulation of materials; please cite
         "P. Giannozzi et al., J. Phys.:Condens. Matter 21 395502 (2009);
         "P. Giannozzi et al., J. Phys.:Condens. Matter 29 465901 (2017);
         "P. Giannozzi et al., J. Chem. Phys. 152 154105 (2020);
          URL http://www.quantum-espresso.org", 
     in publications or presentations arising from this work. More details at
     http://www.quantum-espresso.org/quote

     Parallel version (MPI), running on     1 processors

     MPI processes distributed on     1 nodes
     537 MiB available memory on the printing compute node when the environment starts

     Waiting for input...
     Reading input from standard input

     Current dimensions of program PWSCF are:
     Max number of different atomic species (ntypx) = 10
     Max number of k-points (npk) =  40000
     Max angular momentum in pseudopotentials (lmaxx) =  4
     Message from routine setup:
     no reason to have ecutrho>4*ecutwfc

     Subspace diagonalization in iterative solution of the eigenvalue problem:
     a serial algorithm will be used


     G-vector sticks info
     --------------------
     sticks:   dense  smooth     PW     G-vecs:    dense   smooth      PW
     Sum         253     121     43                 2565      893     181

     Using Slab Decomposition



     bravais-lattice index     =            2
     lattice parameter (alat)  =       5.4310  a.u.
     unit-cell volume          =      40.0479 (a.u.)^3
     number of atoms/cell      =            2
     number of atomic types    =            1
     number of electrons       =         8.00
     number of Kohn-Sham states=            8
     kinetic-energy cutoff     =      30.0000  Ry
     charge density cutoff     =     240.0000  Ry
     scf convergence threshold =      1.0E-08
     mixing beta               =       0.7000
     number of iterations used =            8  plain     mixing
     Exchange-correlation= SLA  PZ   NOGX NOGC
                           (   1   1   0   0   0   0   0)

     celldm(1)=   5.431000  celldm(2)=   0.000000  celldm(3)=   0.000000
     celldm(4)=   0.000000  celldm(5)=   0.000000  celldm(6)=   0.000000

     crystal axes: (cart. coord. in units of alat)
               a(1) = (  -0.500000   0.000000   0.500000 )  
               a(2) = (   0.000000   0.500000   0.500000 )  
               a(3) = (  -0.500000   0.500000   0.000000 )  

     reciprocal axes: (cart. coord. in units 2 pi/alat)
               b(1) = ( -1.000000 -1.000000  1.000000 )  
               b(2) = (  1.000000  1.000000  1.000000 )  
               b(3) = ( -1.000000  1.000000 -1.000000 )  


     PseudoPot. # 1 for Si read from file:
     ./pseudo/Si.pz-vbc.UPF
     MD5 check sum: 9f25e6ff280f3123e9b3a84715b2e9c9
     Pseudo is Norm-conserving, Zval =  4.0
     Generated by new atomic code, or converted to UPF format
     Using radial grid of  431 points,  2 beta functions with: 
                l(1) =   0
                l(2) =   1

     atomic species   valence    mass     pseudopotential
        Si             4.00    28.08500     Si( 1.00)

      6 Sym. Ops. (no inversion) found



   Cartesian axes

     site n.     atom                  positions (alat units)
         1           Si  tau(   1) = (   0.0000000   0.0000000   0.0000000  )
         2           Si  tau(   2) = (   0.9448631   0.9448631   0.9448631  )

     number of k points=    13  Gaussian smearing, width (Ry)=  0.0100
                       cart. coord. in units 2pi/alat
        k(    1) = (   0.0000000   0.0000000   0.0000000), wk =   0.0312500
        k(    2) = (  -0.2500000   0.2500000  -0.2500000), wk =   0.1875000
        k(    3) = (   0.5000000  -0.5000000   0.5000000), wk =   0.0937500
        k(    4) = (   0.0000000   0.5000000   0.0000000), wk =   0.1875000
        k(    5) = (   0.7500000  -0.2500000   0.7500000), wk =   0.1875000
        k(    6) = (   0.5000000   0.0000000   0.5000000), wk =   0.1875000
        k(    7) = (   0.0000000  -1.0000000   0.0000000), wk =   0.0937500
        k(    8) = (  -0.5000000  -1.0000000   0.0000000), wk =   0.1875000
        k(    9) = (  -0.2500000  -0.2500000  -0.2500000), wk =   0.0625000
        k(   10) = (   0.5000000   0.5000000   0.5000000), wk =   0.0312500
        k(   11) = (  -0.2500000  -0.7500000   0.7500000), wk =   0.3750000
        k(   12) = (   0.2500000   0.7500000   0.7500000), wk =   0.1875000
        k(   13) = (   0.0000000  -0.5000000   0.5000000), wk =   0.1875000

     Dense  grid:     2565 G-vectors     FFT dimensions: (  20,  20,  20)

     Smooth grid:      893 G-vectors     FFT dimensions: (  15,  15,  15)

     Estimated max dynamical RAM per process >       1.98 MB

     Initial potential from superposition of free atoms

     starting charge       7.9990, renormalised to       8.0000
     Starting wfcs are    8 randomized atomic wfcs

     total cpu time spent up to now is        0.2 secs

     Self-consistent Calculation

     iteration #  1     ecut=    30.00 Ry     beta= 0.70
     Davidson diagonalization with overlap
     ethr =  1.00E-02,  avg # of iterations =  7.5

     total cpu time spent up to now is        0.2 secs

     total energy              =      27.43091806 Ry
     estimated scf accuracy    <       3.46243550 Ry

     iteration #  2     ecut=    30.00 Ry     beta= 0.70
     Davidson diagonalization with overlap
     ethr =  1.00E-02,  avg # of iterations =  2.5

     total cpu time spent up to now is        0.3 secs

     total energy              =      26.84455991 Ry
     estimated scf accuracy    <       0.13369626 Ry

     iteration #  3     ecut=    30.00 Ry     beta= 0.70
     Davidson diagonalization with overlap
     ethr =  1.67E-03,  avg # of iterations =  1.8

     total cpu time spent up to now is        0.3 secs

     total energy              =      26.80782072 Ry
     estimated scf accuracy    <       0.00690677 Ry

     iteration #  4     ecut=    30.00 Ry     beta= 0.70
     Davidson diagonalization with overlap
     ethr =  8.63E-05,  avg # of iterations =  3.2

     total cpu time spent up to now is        0.3 secs

     total energy              =      26.80645115 Ry
     estimated scf accuracy    <       0.00010856 Ry

     iteration #  5     ecut=    30.00 Ry     beta= 0.70
     Davidson diagonalization with overlap
     ethr =  1.36E-06,  avg # of iterations =  5.0

     total cpu time spent up to now is        0.4 secs

     total energy              =      26.80642335 Ry
     estimated scf accuracy    <       0.00000129 Ry

     iteration #  6     ecut=    30.00 Ry     beta= 0.70
     Davidson diagonalization with overlap
     ethr =  1.61E-08,  avg # of iterations =  2.2

     total cpu time spent up to now is        0.4 secs

     total energy              =      26.80642308 Ry
     estimated scf accuracy    <       0.00000004 Ry

     iteration #  7     ecut=    30.00 Ry     beta= 0.70
     Davidson diagonalization with overlap
     ethr =  5.54E-10,  avg # of iterations =  2.2

     total cpu time spent up to now is        0.5 secs

     End of self-consistent calculation

          k = 0.0000 0.0000 0.0000 (   113 PWs)   bands (ev):

     7.4700  38.5096  38.7585  38.7585  49.9488  49.9488  51.3464  55.5961

          k =-0.2500 0.2500-0.2500 (   113 PWs)   bands (ev):

    11.1104  32.0836  38.1384  40.9113  44.7708  46.7778  51.5930  57.0614

          k = 0.5000-0.5000 0.5000 (   108 PWs)   bands (ev):

    19.2065  22.6620  36.8204  40.3951  41.1139  53.1446  54.5859  57.7559

          k = 0.0000 0.5000 0.0000 (   125 PWs)   bands (ev):

    11.7227  32.4366  36.4383  39.1653  40.4064  45.7708  52.4971  63.7268

          k = 0.7500-0.2500 0.7500 (   110 PWs)   bands (ev):

    19.5794  26.0740  32.2054  36.9732  42.2304  49.1452  53.7709  59.1518

          k = 0.5000 0.0000 0.5000 (   107 PWs)   bands (ev):

    15.9028  29.5206  30.7388  41.3617  43.1016  46.6269  58.3365  60.8971

          k = 0.0000-1.0000 0.0000 (   116 PWs)   bands (ev):

    21.2207  26.5877  29.6540  34.9840  44.4318  44.8906  54.3885  60.4822

          k =-0.5000-1.0000 0.0000 (   108 PWs)   bands (ev):

    25.1734  26.5158  28.1008  29.9429  45.8071  51.2124  52.2814  62.9525

          k =-0.2500-0.2500-0.2500 (   113 PWs)   bands (ev):

    10.3213  31.0638  38.5662  38.5662  48.1396  49.3603  49.3603  58.3554

          k = 0.5000 0.5000 0.5000 (   108 PWs)   bands (ev):

    16.0052  23.3270  37.4093  37.4093  48.4189  56.6412  57.9257  57.9257

          k =-0.2500-0.7500 0.7500 (   110 PWs)   bands (ev):

    19.4897  26.8609  33.5118  33.5943  42.4251  48.9177  57.6966  61.4808

          k = 0.2500 0.7500 0.7500 (   110 PWs)   bands (ev):

    17.8049  26.1925  31.6584  40.0985  40.1816  50.8111  56.7437  60.1906

          k = 0.0000-0.5000 0.5000 (   107 PWs)   bands (ev):

    17.0258  29.3326  32.3587  37.2750  42.3958  49.1006  55.1960  61.5011

     the Fermi energy is    40.6638 ev

!    total energy              =      26.80642306 Ry
     estimated scf accuracy    <          3.8E-10 Ry
     smearing contrib. (-TS)   =      -0.00003945 Ry
     internal energy E=F+TS    =      26.80646251 Ry

     The total energy is F=E-TS. E is the sum of the following terms:
     one-electron contribution =      26.06219371 Ry
     hartree contribution      =       0.90915353 Ry
     xc contribution           =      -8.28578869 Ry
     ewald contribution        =       8.12090396 Ry

     convergence has been achieved in   7 iterations

     Forces acting on atoms (cartesian axes, Ry/au):

     atom    1 type  1   force =    62.53412024   62.53412024   62.53412024
     atom    2 type  1   force =   -62.53412024  -62.53412024  -62.53412024

     Total force =   153.176686     Total SCF correction =     0.000001


     Computing stress (Cartesian axis) and pressure

          total   stress  (Ry/bohr**3)                   (kbar)     P=    68421.14
   0.46511746   0.48005844   0.48005844        68421.14    70619.03    70619.03
   0.48005844   0.46511746   0.48005844        70619.03    68421.14    70619.03
   0.48005844   0.48005844   0.46511746        70619.03    70619.03    68421.14


     Writing all to output data dir ./output/test/silicon.save/

     init_run     :      0.17s CPU      0.17s WALL (       1 calls)
     electrons    :      0.29s CPU      0.29s WALL (       1 calls)
     forces       :      0.00s CPU      0.00s WALL (       1 calls)
     stress       :      0.01s CPU      0.01s WALL (       1 calls)

     Called by init_run:
     wfcinit      :      0.02s CPU      0.02s WALL (       1 calls)
     potinit      :      0.02s CPU      0.02s WALL (       1 calls)
     hinit0       :      0.13s CPU      0.12s WALL (       1 calls)

     Called by electrons:
     c_bands      :      0.27s CPU      0.26s WALL (       7 calls)
     sum_band     :      0.02s CPU      0.02s WALL (       7 calls)
     v_of_rho     :      0.00s CPU      0.00s WALL (       8 calls)
     mix_rho      :      0.00s CPU      0.00s WALL (       7 calls)

     Called by c_bands:
     init_us_2    :      0.01s CPU      0.01s WALL (     221 calls)
     init_us_2:cp :      0.01s CPU      0.01s WALL (     221 calls)
     cegterg      :      0.26s CPU      0.25s WALL (      91 calls)

     Called by *egterg:
     cdiaghg      :      0.03s CPU      0.03s WALL (     407 calls)
     h_psi        :      0.20s CPU      0.20s WALL (     420 calls)
     g_psi        :      0.00s CPU      0.00s WALL (     316 calls)

     Called by h_psi:
     h_psi:calbec :      0.01s CPU      0.01s WALL (     420 calls)
     vloc_psi     :      0.18s CPU      0.18s WALL (     420 calls)
     add_vuspsi   :      0.01s CPU      0.01s WALL (     420 calls)

     General routines
     calbec       :      0.01s CPU      0.01s WALL (     485 calls)
     fft          :      0.12s CPU      0.11s WALL (      42 calls)
     ffts         :      0.02s CPU      0.02s WALL (      15 calls)
     fftw         :      0.12s CPU      0.12s WALL (    5330 calls)
     interpolate  :      0.02s CPU      0.02s WALL (       8 calls)

     Parallel routines

     PWSCF        :      0.49s CPU      0.49s WALL


   This run was terminated on:   4:54:25   1Jan2025            

=------------------------------------------------------------------------------=
   JOB DONE.
=------------------------------------------------------------------------------=
